// Jest Snapshot v1, https://goo.gl/fbAQLP

exports[`compiler: integration tests function mode 1`] = `"body .test{font:100% Helvetica, sans-serif;color:#333;}"`;
